1.cp \r dir1 dir2,递归复制命令(复制子目录信息)
2.shutdown -h 10:42 'Hey! Go away!' 10:42 分关机 
3.sudo gparted 磁盘管理工具
4.dconf-editor 配置编辑器(解决乱码)
5.meld 代码比较（sudo apt-get intall meld）
6.vi ~/.bashrc
  source ~./bashrc     ( /etc/profile)
 	例如：
	export NDK_HOME=/home/ruibiao/soft/android/android-ndk-r10b
	export PATH=$NDK_HOME:$PATH
7.grep -rn "ZQParamsExt" ./cn_hslive_zq_sdk_core_ZQCore.cpp
8.ps 进程监控 （ps | grep monkey）

一、网络管理
1.wget 下载文件
2.mtr 路由跟踪
3.host DNS查询
4.ifplugstatus 可以告诉你是否有网线插到在网络接口上

二、文件查找：
统配符 ？* 与windows下相同
[root@localhost bin]# find /etc -name ini?  查找/etc目录下，以ini打头且后面一位的文件，
[root@localhost bin]# find /etc -name ini*
[root@localhost test]#locate  aa.txt      
    查整个系统中的aa.txt文件，locate\slocate命令后面跟文件或文件夹。不过在执行这个命令之前要先更新数据库，所以先执行sudo updatedb 命令。
    
三、用户权限  所有者-所属组-其他人 读(w)写(r)执行(x) 

四、软连接和硬连接
1.软连接：
软连接类似于我们windows系统的“快捷方式”
那么在windows下之所以要设置快捷方式，就是因为有些文件放置的位置不容易找到，我们就会在桌面创建一个快捷方式。
那么在linux下的软链接，我想主要是文件名过长，不便于输入。因为linux下对文件对文件操作一般要输入文件名，不像windows下面无所谓文件名的长短，鼠标点击即可完成各中操作。
创建一个软链接
[root@localhost test]# ln -s ruanlianjie.abc /hzh/test/rlj.soft   
　　　对当前目录下的ruanlianjie.abc文件，在/hzh/test/目录下创建一个软链接，名为rlj.soft
[root@localhost test]# ll
总用量 36
lrwxrwxrwx  1 root root    15  3月 19 20:57 rlj.soft -> ruanlianjie.abc
-rw-r--r--  1 root root    28  3月 19 20:57 ruanlianjie.abc
2.硬连接：
       硬连接相当于把原文件拷贝了一份，唯一特殊的地方就是，两个文件是同步的。当你对其中一个文件进行修改时，另一个文件也就会同步更新你的修改。有什么好处，你懂的！
下面创建一个硬链接：
[root@localhost test]# ln yinglianjie.abc /hzh/test/ylj.hard       
　　　对yinglianjie.abc文件在/hzh/test/目录下创建一个硬链接文件ylj.hard 
[root@localhost test]# ll
-rw-r--r--  2 root root     0  3月 19 21:08 yinglianjie.abc
-rw-r--r--  2 root root     0  3月 19 21:08 ylj.hard  

五、命令链接符    
	| 将一个命令的输出传送给另一个命令，作为另一个命令的输入
	; 间隔的各命令按顺序依次执行
	&& 如果第一个命令执行失败，第二个命令就不执行。
	|| 如果第一个命令执行失败，第二个命令就执行。
	
六、输入/输出重定向                                                                                    
    其实，对于我们的计算机来讲，我们的标准输入设备是键盘，标准输入设备是显示器。
假如，我告诉，如果我们的输入不用键盘了，输出不在显示上了。你会说这怎么稿？即便是使用计算机多年的人，一下子也会迷糊。呵呵！看了我下面几个操作，你就明白了。
同标准I/O一样，Shell 对于每一个进程预先定义了个文件描述
（0、1、2）。分别对应于：
0 （stdin）标准输入
1 （stdout）标准输出；
2 （stderr）标准错误输出。
1.输出重定向
    我们可将某个输入的信息保存到一个文件中。
[root@localhost ~]# ls -l /tmp > /tmp.msg      将查看tmp目录的信息保存到/tmp.msg 文件中。屏幕中不显示任何结果。
[root@localhost test]# vi /tmp.msg                 查看/tmp.msg 文件信息
总用量 8
srwxr-xr-x  1 root  root  0  2月 22 19:36 mapping-root
srwxrwxrwx  1 mysql mysql 0  2月 27 22:35 mysql.sock
[root@localhost ~]# data >>/tmp.msg   “ >>”表示追加，在/tmp.msg 再追加一些新的信息。
2.输入重定向
      我们也可以将某个输入保存到一个文件中。
     上面我们学到一个wall命令，后面跟的信息可以广播表其它在线用户，当然，我们可以将要广播的信息保存到一个文件中，当然，如果有兴趣，我们还可以设定时间进行发送。
[root@localhost ~]# wall < /etc/motd    将motd文件中的信息进行广播。
3.错误输出重定向
    假如，我要对一个目录进行备份（/usr），备份到/backup/usr.bak目录下，可以备份时间要很久，我不想一直盯着屏幕看，这时我就可以设置，如果备份时发生错误，将错误信息保存到/bak.error文件中。这样我就可以找朋友喝喝茶，聊聊天，回来看错误信息就可以了。
[root@localhost ~]# cp -R /usr  /backup/usr.bak 2> /bak.error

七、用户信息与密码的配置文件 
用户信息文件：/etc/passwd  （grep root /etc/passwd  /etc/shadow）
密码文件：/etc/shadow
用户组文件：/etc/group
用户组密码文件：/etc/gshadow
用户配置文件：
   /etc/login.defs
   /etc/default/useradd
新用户信息文件：/etc/skel
登录信息：/etc/motd

八、“会灵魂附体的”命令权限 
setUID=4   所有人
setGID=2   所属组
粘着位=1    其它人
例如：chmod  4755  /bin/touch

	